
Running 4 tests using 4 workers

[1A[2K[1/4] tests\phase-01.spec.js:44:3 ΓÇ║ Phase 1: Separation and Cleanup Validation ΓÇ║ Interactivity: User can still interact with calculator
[1A[2K[2/4] tests\phase-01.spec.js:18:3 ΓÇ║ Phase 1: Separation and Cleanup Validation ΓÇ║ REQ-WGL-02: CSS backdrop-filter is completely removed
[1A[2K[3/4] tests\phase-01.spec.js:10:3 ΓÇ║ Phase 1: Separation and Cleanup Validation ΓÇ║ REQ-WGL-01: #webgl-underlay is a direct child of <body>
[1A[2K[4/4] tests\phase-01.spec.js:29:3 ΓÇ║ Phase 1: Separation and Cleanup Validation ΓÇ║ REQ-WGL-03: Underlay pattern properties (z-index, pointer-events)
[1A[2K  1) tests\phase-01.spec.js:18:3 ΓÇ║ Phase 1: Separation and Cleanup Validation ΓÇ║ REQ-WGL-02: CSS backdrop-filter is completely removed 

    Error: [2mexpect([22m[31mreceived[39m[2m).[22mtoBe[2m([22m[32mexpected[39m[2m) // Object.is equality[22m

    Expected: [32mfalse[39m
    Received: [31mtrue[39m

      24 |       });
      25 |     });
    > 26 |     expect(hasBackdropFilter).toBe(false);
         |                               ^
      27 |   });
      28 |
      29 |   test('REQ-WGL-03: Underlay pattern properties (z-index, pointer-events)', async ({ page }) => {
        at C:\Users\Danh Mujar\Desktop\test\Calculator\tests\phase-01.spec.js:26:31

    Error Context: test-results\phase-01-Phase-1-Separatio-e53d2-ilter-is-completely-removed\error-context.md


[1A[2K  2) tests\phase-01.spec.js:44:3 ΓÇ║ Phase 1: Separation and Cleanup Validation ΓÇ║ Interactivity: User can still interact with calculator 

    Error: [2mexpect([22m[31mlocator[39m[2m).[22mtoContainText[2m([22m[32mexpected[39m[2m)[22m failed

    Locator: locator('.main-calc-display')
    Expected substring: [32m"7"[39m
    Timeout: 5000ms
    Error: element(s) not found

    Call log:
    [2m  - Expect "toContainText" with timeout 5000ms[22m
    [2m  - waiting for locator('.main-calc-display')[22m


      48 |     
      49 |     const display = page.locator('.main-calc-display');
    > 50 |     await expect(display).toContainText('7');
         |                           ^
      51 |   });
      52 | });
      53 |
        at C:\Users\Danh Mujar\Desktop\test\Calculator\tests\phase-01.spec.js:50:27

    Error Context: test-results\phase-01-Phase-1-Separatio-e3a69-ll-interact-with-calculator\error-context.md


[1A[2K  2 failed
    tests\phase-01.spec.js:18:3 ΓÇ║ Phase 1: Separation and Cleanup Validation ΓÇ║ REQ-WGL-02: CSS backdrop-filter is completely removed 
    tests\phase-01.spec.js:44:3 ΓÇ║ Phase 1: Separation and Cleanup Validation ΓÇ║ Interactivity: User can still interact with calculator 
  2 passed (12.9s)

[36m  Serving HTML report at http://localhost:52487. Press Ctrl+C to quit.[39m
